// Jest Snapshot v1, https://goo.gl/fbAQLP

exports[`MoviesList: Flatlist element renders correctly 1`] = `
<View
  style={
    Object {
      "height": "100%",
      "width": "100%",
    }
  }
>
  <RCTScrollView
    data={
      Array [
        Object {
          "data": Object {
            "id": 1,
            "poster_path": "poster1.png",
          },
          "title": "testTitle1",
        },
        Object {
          "data": Object {
            "id": 2,
            "poster_path": "poster2.png",
          },
          "title": "testTitle2",
        },
      ]
    }
    disableVirtualization={false}
    getItem={[Function]}
    getItemCount={[Function]}
    horizontal={false}
    initialNumToRender={10}
    keyExtractor={[Function]}
    maxToRenderPerBatch={10}
    onContentSizeChange={[Function]}
    onEndReachedThreshold={2}
    onLayout={[Function]}
    onMomentumScrollEnd={[Function]}
    onScroll={[Function]}
    onScrollBeginDrag={[Function]}
    onScrollEndDrag={[Function]}
    removeClippedSubviews={false}
    renderItem={[Function]}
    scrollEventThrottle={50}
    showsVerticalScrollIndicator={false}
    stickyHeaderIndices={Array []}
    testID="flatlist"
    updateCellsBatchingPeriod={50}
    viewabilityConfigCallbackPairs={Array []}
    windowSize={21}
  >
    <View>
      <View
        onLayout={[Function]}
        style={null}
      >
        <View
          style={
            Object {
              "borderBottomColor": "gray",
              "borderBottomWidth": 1,
              "flexDirection": "row",
              "height": 50,
              "justifyContent": "space-between",
              "marginVertical": 5,
            }
          }
        >
          <View
            style={
              Object {
                "height": "100%",
                "paddingLeft": 20,
                "width": "70%",
              }
            }
          >
            <Text>
              testTitle1
            </Text>
          </View>
          <View
            accessible={true}
            focusable={true}
            onClick={[Function]}
            onResponderGrant={[Function]}
            onResponderMove={[Function]}
            onResponderRelease={[Function]}
            onResponderTerminate={[Function]}
            onResponderTerminationRequest={[Function]}
            onStartShouldSetResponder={[Function]}
            style={
              Object {
                "alignSelf": "flex-start",
                "backgroundColor": "gray",
                "borderColor": "#0000001A",
                "borderRadius": 4,
                "borderWidth": 0,
                "marginRight": 20,
                "opacity": 1,
              }
            }
          >
            <Image
              source={
                Object {
                  "testUri": "../../react-native-ui-kitten/src/assets/img/choice/empty.png",
                }
              }
              style={
                Array [
                  Array [
                    Object {
                      "width": 20,
                    },
                    Object {
                      "height": 20,
                    },
                    Object {
                      "justifyContent": "center",
                    },
                    Object {
                      "alignItems": "center",
                    },
                    Object {
                      "margin": 4,
                    },
                  ],
                  null,
                ]
              }
            />
          </View>
        </View>
      </View>
      <View
        onLayout={[Function]}
        style={null}
      >
        <View
          style={
            Object {
              "borderBottomColor": "gray",
              "borderBottomWidth": 1,
              "flexDirection": "row",
              "height": 50,
              "justifyContent": "space-between",
              "marginVertical": 5,
            }
          }
        >
          <View
            style={
              Object {
                "height": "100%",
                "paddingLeft": 20,
                "width": "70%",
              }
            }
          >
            <Text>
              testTitle2
            </Text>
          </View>
          <View
            accessible={true}
            focusable={true}
            onClick={[Function]}
            onResponderGrant={[Function]}
            onResponderMove={[Function]}
            onResponderRelease={[Function]}
            onResponderTerminate={[Function]}
            onResponderTerminationRequest={[Function]}
            onStartShouldSetResponder={[Function]}
            style={
              Object {
                "alignSelf": "flex-start",
                "backgroundColor": "gray",
                "borderColor": "#0000001A",
                "borderRadius": 4,
                "borderWidth": 0,
                "marginRight": 20,
                "opacity": 1,
              }
            }
          >
            <Image
              source={
                Object {
                  "testUri": "../../react-native-ui-kitten/src/assets/img/choice/empty.png",
                }
              }
              style={
                Array [
                  Array [
                    Object {
                      "width": 20,
                    },
                    Object {
                      "height": 20,
                    },
                    Object {
                      "justifyContent": "center",
                    },
                    Object {
                      "alignItems": "center",
                    },
                    Object {
                      "margin": 4,
                    },
                  ],
                  null,
                ]
              }
            />
          </View>
        </View>
      </View>
    </View>
  </RCTScrollView>
</View>
`;
